# Backend Command Evidence (Phase 11)

Executed in `apps/api`:

1. `npm ci`
- Result: PASS
- Source: `docs/handover/evidence/backend-npm-ci.log`

2. `npm run lint`
- Result: PASS
- Source: `docs/handover/evidence/backend-lint-phase11.log`

3. `npm run typecheck`
- Result: PASS
- Source: `docs/handover/evidence/backend-typecheck-phase11.log`

4. `npm run test:ci`
- Result: PASS (`5` suites, `14` tests)
- Source: `docs/handover/evidence/backend-test-ci-phase11.log`

5. `npm run build`
- Result: PASS
- Source: `docs/handover/evidence/backend-build-phase11.log`

6. `npm run audit:prod`
- Result: PASS (`found 0 vulnerabilities`)
- Source: `docs/handover/evidence/backend-audit-prod-phase11.log`

7. `npm run openapi:check`
- Result: PASS (`prefix=/api/v1`)
- Source: `docs/handover/evidence/backend-openapi-check-phase11.log`

8. Security regression tests
- Command: `npx jest --config jest.config.cjs --runInBand test/security.auth.test.js test/security.metrics.test.js`
- Result: PASS
- Source: `docs/handover/evidence/backend-security-tests-phase11.log`
