 Container gis_app-nginx-1 Stopping 
 Container gis_app-nginx-1 Stopped 
 Container gis_app-nginx-1 Removing 
 Container gis_app-nginx-1 Removed 
 Container gis_app-api-1 Stopping 
 Container gis_app-api-1 Stopped 
 Container gis_app-api-1 Removing 
 Container gis_app-api-1 Removed 
 Container gis_app-migrate-1 Stopping 
 Container gis_app-migrate-1 Stopped 
 Container gis_app-migrate-1 Removing 
 Container gis_app-migrate-1 Removed 
 Container gis_app-db-1 Stopping 
 Container gis_app-db-1 Stopped 
 Container gis_app-db-1 Removing 
 Container gis_app-db-1 Removed 
 Network gis_app_default Removing 
 Volume gis_app_api_uploads Removing 
 Volume gis_app_api_exports Removing 
 Volume gis_app_postgis_data Removing 
 Volume gis_app_api_uploads Removed 
 Volume gis_app_api_exports Removed 
 Volume gis_app_postgis_data Removed 
 Network gis_app_default Removed 
