 Image gis_app-api Building 
 Image gis_app-migrate Building 
#1 [internal] load local bake definitions
#1 reading from stdin 877B done
#1 DONE 0.0s

#2 [api internal] load build definition from Dockerfile
#2 transferring dockerfile: 1.19kB done
#2 DONE 0.0s

#3 [auth] library/node:pull token for registry-1.docker.io
#3 DONE 0.0s

#4 [migrate internal] load metadata for docker.io/library/node:22-alpine
#4 DONE 1.2s

#5 [api internal] load .dockerignore
#5 transferring context: 249B done
#5 DONE 0.0s

#6 [api build 1/9] FROM docker.io/library/node:22-alpine@sha256:e4bf2a82ad0a4037d28035ae71529873c069b13eb0455466ae0bc13363826e34
#6 resolve docker.io/library/node:22-alpine@sha256:e4bf2a82ad0a4037d28035ae71529873c069b13eb0455466ae0bc13363826e34 0.0s done
#6 DONE 0.0s

#7 [migrate internal] load build context
#7 transferring context: 3.10kB 0.0s done
#7 DONE 0.0s

#8 [migrate build 5/9] COPY apps/api/tsconfig*.json ./
#8 CACHED

#9 [migrate runtime  8/10] COPY apps/api/.env.example ./.env.example
#9 CACHED

#10 [migrate runtime  5/10] COPY --from=build /app/apps/api/dist ./dist
#10 CACHED

#11 [migrate runtime  9/10] COPY apps/api/docker/entrypoint.sh /usr/local/bin/api-entrypoint.sh
#11 CACHED

#12 [migrate build 3/9] COPY apps/api/package*.json ./
#12 CACHED

#13 [migrate build 9/9] RUN npm run build   && npm prune --omit=dev   && npm cache clean --force
#13 CACHED

#14 [migrate runtime  6/10] COPY --from=build /app/apps/api/docs ./docs
#14 CACHED

#15 [migrate build 4/9] RUN npm ci
#15 CACHED

#16 [migrate runtime  7/10] COPY --from=build /app/infra/migrations /app/infra/migrations
#16 CACHED

#17 [migrate runtime  4/10] COPY --from=build /app/apps/api/node_modules ./node_modules
#17 CACHED

#18 [migrate build 8/9] COPY infra/migrations /app/infra/migrations
#18 CACHED

#19 [migrate build 7/9] COPY apps/api/docs ./docs
#19 CACHED

#20 [migrate build 6/9] COPY apps/api/src ./src
#20 CACHED

#21 [migrate runtime  3/10] COPY --from=build /app/apps/api/package*.json ./
#21 CACHED

#22 [migrate build 2/9] WORKDIR /app/apps/api
#22 CACHED

#23 [migrate runtime 10/10] RUN mkdir -p uploads exports   && chmod +x /usr/local/bin/api-entrypoint.sh   && chown -R node:node /app/apps/api /app/infra
#23 CACHED

#9 [api runtime  8/10] COPY apps/api/.env.example ./.env.example
#9 CACHED

#11 [api runtime  9/10] COPY apps/api/docker/entrypoint.sh /usr/local/bin/api-entrypoint.sh
#11 CACHED

#16 [api runtime  7/10] COPY --from=build /app/infra/migrations /app/infra/migrations
#16 CACHED

#12 [api build 3/9] COPY apps/api/package*.json ./
#12 CACHED

#10 [api runtime  5/10] COPY --from=build /app/apps/api/dist ./dist
#10 CACHED

#20 [api build 6/9] COPY apps/api/src ./src
#20 CACHED

#21 [api runtime  3/10] COPY --from=build /app/apps/api/package*.json ./
#21 CACHED

#22 [api build 2/9] WORKDIR /app/apps/api
#22 CACHED

#18 [api build 8/9] COPY infra/migrations /app/infra/migrations
#18 CACHED

#14 [api runtime  6/10] COPY --from=build /app/apps/api/docs ./docs
#14 CACHED

#8 [api build 5/9] COPY apps/api/tsconfig*.json ./
#8 CACHED

#19 [api build 7/9] COPY apps/api/docs ./docs
#19 CACHED

#17 [api runtime  4/10] COPY --from=build /app/apps/api/node_modules ./node_modules
#17 CACHED

#15 [api build 4/9] RUN npm ci
#15 CACHED

#13 [api build 9/9] RUN npm run build   && npm prune --omit=dev   && npm cache clean --force
#13 CACHED

#24 [api] exporting to image
#24 exporting layers done
#24 exporting manifest sha256:119c0a1c729c71f3ad17465b6468701409bd5cd23db81efa1be2685e2732b244 done
#24 exporting config sha256:4f81f2c6eebf8ff1e8de1782e61c168246954d9d77a77c8152012cdbe236fd42 done
#24 exporting attestation manifest sha256:e060060c89e263e07a567bd8050951e80c3e0b53cc4f485ea1ed535d851c93ae 0.0s done
#24 exporting manifest list sha256:62ab353481593c12b12c45402cb30446f5ee54b3940d9d05839db1a9049e72d6 0.0s done
#24 naming to docker.io/library/gis_app-api:latest
#24 naming to docker.io/library/gis_app-api:latest done
#24 unpacking to docker.io/library/gis_app-api:latest 0.0s done
#24 DONE 0.2s

#25 [migrate] exporting to image
#25 exporting layers done
#25 exporting manifest sha256:a7b071416e69540d226703d657e36deb71ce0e7fa5c45179549caa424692a61d done
#25 exporting config sha256:26badadf53ccc0721cbbbf04d580354e6c6289d827d651e4ab3ddf68d981be31 done
#25 exporting attestation manifest sha256:0572fe9e60030d46af8aae0a7736cdb423fd1fe29720b0bc5645d1e63aec50a9 0.0s done
#25 exporting manifest list sha256:81331718879ffbd343584dd36983e2d1c559555d0d1e018bdff5a4e25f5f9281 0.0s done
#25 naming to docker.io/library/gis_app-migrate:latest done
#25 unpacking to docker.io/library/gis_app-migrate:latest 0.0s done
#25 DONE 0.2s

#26 [api] resolving provenance for metadata file
#26 DONE 0.0s

#27 [migrate] resolving provenance for metadata file
#27 DONE 0.0s
 Image gis_app-api Built 
 Image gis_app-migrate Built 
 Network gis_app_default Creating 
 Network gis_app_default Created 
 Volume gis_app_postgis_data Creating 
 Volume gis_app_postgis_data Created 
 Volume gis_app_api_uploads Creating 
 Volume gis_app_api_uploads Created 
 Volume gis_app_api_exports Creating 
 Volume gis_app_api_exports Created 
 Container gis_app-db-1 Creating 
 Container gis_app-db-1 Created 
 Container gis_app-migrate-1 Creating 
 Container gis_app-migrate-1 Created 
 Container gis_app-api-1 Creating 
 Container gis_app-api-1 Created 
 Container gis_app-nginx-1 Creating 
 Container gis_app-nginx-1 Created 
 Container gis_app-db-1 Starting 
 Container gis_app-db-1 Started 
 Container gis_app-db-1 Waiting 
 Container gis_app-db-1 Healthy 
 Container gis_app-migrate-1 Starting 
 Container gis_app-migrate-1 Started 
 Container gis_app-db-1 Waiting 
 Container gis_app-migrate-1 Waiting 
 Container gis_app-db-1 Healthy 
 Container gis_app-migrate-1 Exited 
 Container gis_app-api-1 Starting 
 Container gis_app-api-1 Started 
 Container gis_app-api-1 Waiting 
 Container gis_app-api-1 Healthy 
 Container gis_app-nginx-1 Starting 
 Container gis_app-nginx-1 Started 
