
┌─────────────────────────────────────────────────────────┐
│ A new version of Flutter is available!                  │
│                                                         │
│ To update to the latest version, run "flutter upgrade". │
└─────────────────────────────────────────────────────────┘
Resolving dependencies...
Downloading packages...
  flutter_riverpod 2.6.1 (3.2.1 available)
  flutter_secure_storage 9.2.4 (10.0.0 available)
  flutter_secure_storage_linux 1.2.3 (3.0.0 available)
  flutter_secure_storage_macos 3.1.3 (4.0.0 available)
  flutter_secure_storage_platform_interface 1.1.2 (2.0.1 available)
  flutter_secure_storage_web 1.2.1 (2.1.0 available)
  flutter_secure_storage_windows 3.1.2 (4.1.0 available)
  js 0.6.7 (0.7.2 available)
  meta 1.17.0 (1.18.1 available)
  riverpod 2.6.1 (3.2.1 available)
  uuid 4.5.2 (4.5.3 available)
  win32 5.15.0 (6.0.0 available)
Got dependencies!
12 packages have newer versions incompatible with dependency constraints.
Try `flutter pub outdated` for more information.
