docs\handover\03-ops-runbook.md:16:- API Auth: `JWT_SECRET`, `JWT_REFRESH_SECRET`, rotation vars
docs\handover\03-ops-runbook.md:18:- API Security/Ops: `CORS_*`, `RATE_LIMIT_*`, `METRICS_ENABLED`, `METRICS_TOKEN`
docs\handover\02-security.md:6:- Metrics endpoint protection enforced for production (`METRICS_ENABLED=true` requires `METRICS_TOKEN`).
.github\workflows\ci.yml:41:      JWT_SECRET: phase10-ci-jwt-secret-12345678901234567890
.github\workflows\ci.yml:42:      JWT_SECRET_CURRENT: phase10-ci-jwt-secret-12345678901234567890
.github\workflows\ci.yml:43:      JWT_REFRESH_SECRET: phase10-ci-refresh-secret-1234567890123456
.github\workflows\ci.yml:44:      JWT_REFRESH_SECRET_CURRENT: phase10-ci-refresh-secret-1234567890123456
docs\phase-9\01-security-reliability-observability.md:36:  - `GET /metrics` (can be protected with `METRICS_TOKEN`)
docs\phase-9\01-security-reliability-observability.md:45:- `METRICS_TOKEN=<strong-random-token>`
docs\phase-9\02-secret-rotation-runbook.md:7:- `JWT_SECRET_CURRENT`
docs\phase-9\02-secret-rotation-runbook.md:8:- `JWT_SECRET_PREVIOUS` (comma-separated old secrets for temporary verification)
docs\phase-9\02-secret-rotation-runbook.md:9:- `JWT_REFRESH_SECRET_CURRENT`
docs\phase-9\02-secret-rotation-runbook.md:10:- `JWT_REFRESH_SECRET_PREVIOUS` (comma-separated old refresh secrets)
docs\phase-9\02-secret-rotation-runbook.md:13:- `JWT_SECRET` and `JWT_REFRESH_SECRET` remain supported as base values.
docs\phase-9\02-secret-rotation-runbook.md:18:   - `JWT_SECRET_CURRENT=<new>`
docs\phase-9\02-secret-rotation-runbook.md:19:   - `JWT_SECRET_PREVIOUS=<old>`
docs\phase-9\02-secret-rotation-runbook.md:20:   - `JWT_REFRESH_SECRET_CURRENT=<new>`
docs\phase-9\02-secret-rotation-runbook.md:21:   - `JWT_REFRESH_SECRET_PREVIOUS=<old>`
.github\workflows\monorepo-ci.yml:36:      JWT_SECRET: phase10-ci-jwt-secret-12345678901234567890
.github\workflows\monorepo-ci.yml:37:      JWT_SECRET_CURRENT: phase10-ci-jwt-secret-12345678901234567890
.github\workflows\monorepo-ci.yml:38:      JWT_REFRESH_SECRET: phase10-ci-refresh-secret-1234567890123456
.github\workflows\monorepo-ci.yml:39:      JWT_REFRESH_SECRET_CURRENT: phase10-ci-refresh-secret-1234567890123456
.github\workflows\staging-readiness.yml:36:      JWT_SECRET: phase11-ci-jwt-secret-12345678901234567890
.github\workflows\staging-readiness.yml:37:      JWT_SECRET_CURRENT: phase11-ci-jwt-secret-12345678901234567890
.github\workflows\staging-readiness.yml:38:      JWT_REFRESH_SECRET: phase11-ci-refresh-secret-1234567890123456
.github\workflows\staging-readiness.yml:39:      JWT_REFRESH_SECRET_CURRENT: phase11-ci-refresh-secret-1234567890123456
apps\api\.env.example:17:JWT_SECRET=change-me-very-long-random-secret
apps\api\.env.example:18:JWT_SECRET_CURRENT=change-me-very-long-random-secret
apps\api\.env.example:19:JWT_SECRET_PREVIOUS=
apps\api\.env.example:21:JWT_REFRESH_SECRET=change-me-very-long-random-refresh-secret
apps\api\.env.example:22:JWT_REFRESH_SECRET_CURRENT=change-me-very-long-random-refresh-secret
apps\api\.env.example:23:JWT_REFRESH_SECRET_PREVIOUS=
apps\api\.env.example:49:METRICS_TOKEN=
apps\api\.env.example:50:# In production, METRICS_ENABLED=true requires METRICS_TOKEN to be set
apps\api\docs\deployment-runbook.md:26:| JWT_SECRET | local only | strong secret | strong secret | Minimum 32 chars |
apps\api\docs\deployment-runbook.md:27:| JWT_SECRET_CURRENT | optional | current secret | current secret | Signing secret |
apps\api\docs\deployment-runbook.md:28:| JWT_SECRET_PREVIOUS | optional | previous secret(s) | previous secret(s) | Graceful rotation |
apps\api\docs\deployment-runbook.md:29:| JWT_REFRESH_SECRET | local only | strong secret | strong secret | Minimum 32 chars |
apps\api\docs\deployment-runbook.md:30:| JWT_REFRESH_SECRET_CURRENT | optional | current refresh secret | current refresh secret | Signing secret |
apps\api\docs\deployment-runbook.md:31:| JWT_REFRESH_SECRET_PREVIOUS | optional | previous refresh secret(s) | previous refresh secret(s) | Graceful rotation |
apps\api\docs\deployment-runbook.md:39:| METRICS_TOKEN | optional | required | required | Protect metrics endpoint |
apps\api\README.md:69:- `GET /metrics` (basic app metrics; token-protected when `METRICS_TOKEN` is set)
apps\api\test\security.metrics.test.js:9:        METRICS_TOKEN: '',
apps\api\test\security.metrics.test.js:11:    ).toThrow('METRICS_TOKEN is required');
apps\api\test\security.metrics.test.js:19:        METRICS_TOKEN: 'secure-token',
apps\api\test\security.metrics.test.js:29:        METRICS_TOKEN: '',
apps\api\src\controllers\auth.controller.ts:204:    process.env.JWT_REFRESH_SECRET_CURRENT || process.env.JWT_REFRESH_SECRET,
apps\api\src\controllers\auth.controller.ts:205:    ...((process.env.JWT_REFRESH_SECRET_PREVIOUS || '')
apps\api\src\config\env.ts:15:  JWT_SECRET: string;
apps\api\src\config\env.ts:16:  JWT_SECRET_CURRENT: string;
apps\api\src\config\env.ts:17:  JWT_SECRET_PREVIOUS: string;
apps\api\src\config\env.ts:19:  JWT_REFRESH_SECRET: string;
apps\api\src\config\env.ts:20:  JWT_REFRESH_SECRET_CURRENT: string;
apps\api\src\config\env.ts:21:  JWT_REFRESH_SECRET_PREVIOUS: string;
apps\api\src\config\env.ts:35:  METRICS_TOKEN: string;
apps\api\src\config\env.ts:57:  JWT_SECRET: Joi.string().min(32).required(),
apps\api\src\config\env.ts:58:  JWT_SECRET_CURRENT: Joi.string().min(32).optional(),
apps\api\src\config\env.ts:59:  JWT_SECRET_PREVIOUS: Joi.string().allow('').default(''),
apps\api\src\config\env.ts:61:  JWT_REFRESH_SECRET: Joi.string().min(32).required(),
apps\api\src\config\env.ts:62:  JWT_REFRESH_SECRET_CURRENT: Joi.string().min(32).optional(),
apps\api\src\config\env.ts:63:  JWT_REFRESH_SECRET_PREVIOUS: Joi.string().allow('').default(''),
apps\api\src\config\env.ts:79:  METRICS_TOKEN: Joi.string().allow('').default(''),
apps\api\src\config\env.ts:97:  if (!value.JWT_SECRET_CURRENT) {
apps\api\src\config\env.ts:98:    value.JWT_SECRET_CURRENT = value.JWT_SECRET;
apps\api\src\config\env.ts:100:  if (!value.JWT_REFRESH_SECRET_CURRENT) {
apps\api\src\config\env.ts:101:    value.JWT_REFRESH_SECRET_CURRENT = value.JWT_REFRESH_SECRET;
apps\api\src\middleware\observability.ts:61:  METRICS_TOKEN?: string;
apps\api\src\middleware\observability.ts:71:  if (!String(env.METRICS_TOKEN ?? '').trim()) {
apps\api\src\middleware\observability.ts:72:    throw new Error('METRICS_TOKEN is required when METRICS_ENABLED=true in production');
apps\api\src\middleware\observability.ts:77:  const metricsToken = process.env.METRICS_TOKEN ?? '';
apps\api\src\middleware\auth.ts:34:  const signingSecret = process.env.JWT_SECRET_CURRENT || process.env.JWT_SECRET;
apps\api\src\middleware\auth.ts:44:  const signingSecret = process.env.JWT_REFRESH_SECRET_CURRENT || process.env.JWT_REFRESH_SECRET;
apps\api\src\middleware\auth.ts:74:      process.env.JWT_SECRET_CURRENT || process.env.JWT_SECRET || '',
apps\api\src\middleware\auth.ts:75:      process.env.JWT_SECRET_PREVIOUS
