
=== Docker compose config validation ===
name: gis_app
services:
  api:
    build:
      context: D:\GIS_APP
      dockerfile: apps/api/Dockerfile
    depends_on:
      db:
        condition: service_healthy
        required: true
      migrate:
        condition: service_completed_successfully
        required: true
    environment:
      API_VERSION_PREFIX: /api/v1
      AUDIT_LOG_ENABLED: "true"
      COMPOSE_PROJECT_NAME: gis_app
      CORS_CREDENTIALS: "true"
      CORS_ORIGIN: http://localhost:8088,http://localhost:3000,http://localhost:8080
      CORS_STRICT: "false"
      DB_HOST: db
      DB_MAX_CONNECTIONS: "20"
      DB_NAME: gis_app
      DB_PASSWORD: change_me
      DB_PASSWORD_FILE: ""
      DB_PORT: "5432"
      DB_USER: gis_user
      ENABLE_LEGACY_API_PREFIX: "true"
      ENFORCE_HTTPS: "false"
      EXPORT_CLEANUP_INTERVAL_HOURS: "24"
      EXPORT_DIR: ./exports
      EXPORT_MAX_SIZE: "104857600"
      EXPORT_RETENTION_DAYS: "7"
      HOST: 0.0.0.0
      JWT_EXPIRE: 7d
      JWT_REFRESH_EXPIRE: 30d
      JWT_REFRESH_SECRET: replace-with-32-char-minimum-refresh-secret
      JWT_REFRESH_SECRET_CURRENT: replace-with-32-char-minimum-refresh-secret
      JWT_REFRESH_SECRET_CURRENT_FILE: ""
      JWT_REFRESH_SECRET_FILE: ""
      JWT_REFRESH_SECRET_PREVIOUS: ""
      JWT_SECRET: replace-with-32-char-minimum-secret-value
      JWT_SECRET_CURRENT: replace-with-32-char-minimum-secret-value
      JWT_SECRET_CURRENT_FILE: ""
      JWT_SECRET_FILE: ""
      JWT_SECRET_PREVIOUS: ""
      LOG_LEVEL: info
      LOG_PRETTY: "true"
      LOG_TO_FILE: "false"
      METRICS_ENABLED: "false"
      METRICS_TOKEN: ""
      METRICS_TOKEN_FILE: ""
      MIGRATIONS_DIR: /app/infra/migrations
      NGINX_HTTP_PORT: "8080"
      NODE_ENV: production
      PHOTO_MAX_SIZE: "5242880"
      PORT: "3000"
      POSTGRES_DB: gis_app
      POSTGRES_PASSWORD: change_me
      POSTGRES_USER: gis_user
      RATE_LIMIT_AUTH_MAX_REQUESTS: "40"
      RATE_LIMIT_EXPORT_MAX_REQUESTS: "60"
      RATE_LIMIT_MAX_REQUESTS: "200"
      RATE_LIMIT_WINDOW_MS: "900000"
      TRUST_PROXY: "false"
      UPLOAD_DIR: ./uploads
    expose:
      - "3000"
    healthcheck:
      test:
        - CMD-SHELL
        - node -e "fetch('http://127.0.0.1:3000/health').then(r=>process.exit(r.ok?0:1)).catch(()=>process.exit(1))"
      timeout: 5s
      interval: 30s
      retries: 5
      start_period: 30s
    networks:
      default: null
    restart: unless-stopped
    volumes:
      - type: volume
        source: api_uploads
        target: /app/apps/api/uploads
        volume: {}
      - type: volume
        source: api_exports
        target: /app/apps/api/exports
        volume: {}
      - type: bind
        source: D:\GIS_APP\secrets
        target: /run/secrets
        read_only: true
        bind: {}
  db:
    environment:
      API_VERSION_PREFIX: /api/v1
      AUDIT_LOG_ENABLED: "true"
      COMPOSE_PROJECT_NAME: gis_app
      CORS_CREDENTIALS: "true"
      CORS_ORIGIN: http://localhost:8088,http://localhost:3000,http://localhost:8080
      CORS_STRICT: "false"
      DB_HOST: db
      DB_MAX_CONNECTIONS: "20"
      DB_NAME: gis_app
      DB_PASSWORD: change_me
      DB_PASSWORD_FILE: ""
      DB_PORT: "5432"
      DB_USER: gis_user
      ENABLE_LEGACY_API_PREFIX: "true"
      ENFORCE_HTTPS: "false"
      EXPORT_CLEANUP_INTERVAL_HOURS: "24"
      EXPORT_DIR: ./exports
      EXPORT_MAX_SIZE: "104857600"
      EXPORT_RETENTION_DAYS: "7"
      HOST: 0.0.0.0
      JWT_EXPIRE: 7d
      JWT_REFRESH_EXPIRE: 30d
      JWT_REFRESH_SECRET: replace-with-32-char-minimum-refresh-secret
      JWT_REFRESH_SECRET_CURRENT: replace-with-32-char-minimum-refresh-secret
      JWT_REFRESH_SECRET_CURRENT_FILE: ""
      JWT_REFRESH_SECRET_FILE: ""
      JWT_REFRESH_SECRET_PREVIOUS: ""
      JWT_SECRET: replace-with-32-char-minimum-secret-value
      JWT_SECRET_CURRENT: replace-with-32-char-minimum-secret-value
      JWT_SECRET_CURRENT_FILE: ""
      JWT_SECRET_FILE: ""
      JWT_SECRET_PREVIOUS: ""
      LOG_LEVEL: info
      LOG_PRETTY: "true"
      LOG_TO_FILE: "false"
      METRICS_ENABLED: "false"
      METRICS_TOKEN: ""
      METRICS_TOKEN_FILE: ""
      MIGRATIONS_DIR: /app/infra/migrations
      NGINX_HTTP_PORT: "8080"
      NODE_ENV: development
      PHOTO_MAX_SIZE: "5242880"
      PORT: "3000"
      POSTGRES_DB: gis_app
      POSTGRES_PASSWORD: change_me
      POSTGRES_USER: gis_user
      RATE_LIMIT_AUTH_MAX_REQUESTS: "40"
      RATE_LIMIT_EXPORT_MAX_REQUESTS: "60"
      RATE_LIMIT_MAX_REQUESTS: "200"
      RATE_LIMIT_WINDOW_MS: "900000"
      TRUST_PROXY: "false"
      UPLOAD_DIR: ./uploads
    healthcheck:
      test:
        - CMD-SHELL
        - pg_isready -U $${POSTGRES_USER} -d $${POSTGRES_DB}
      timeout: 5s
      interval: 10s
      retries: 10
      start_period: 20s
    image: postgis/postgis:16-3.4
    networks:
      default: null
    restart: unless-stopped
    volumes:
      - type: volume
        source: postgis_data
        target: /var/lib/postgresql/data
        volume: {}
      - type: bind
        source: D:\GIS_APP\infra\db\init
        target: /docker-entrypoint-initdb.d
        read_only: true
        bind: {}
  migrate:
    build:
      context: D:\GIS_APP
      dockerfile: apps/api/Dockerfile
    depends_on:
      db:
        condition: service_healthy
        required: true
    entrypoint:
      - node
      - dist/db/migrate.js
    environment:
      API_VERSION_PREFIX: /api/v1
      AUDIT_LOG_ENABLED: "true"
      COMPOSE_PROJECT_NAME: gis_app
      CORS_CREDENTIALS: "true"
      CORS_ORIGIN: http://localhost:8088,http://localhost:3000,http://localhost:8080
      CORS_STRICT: "false"
      DB_HOST: db
      DB_MAX_CONNECTIONS: "20"
      DB_NAME: gis_app
      DB_PASSWORD: change_me
      DB_PASSWORD_FILE: ""
      DB_PORT: "5432"
      DB_USER: gis_user
      ENABLE_LEGACY_API_PREFIX: "true"
      ENFORCE_HTTPS: "false"
      EXPORT_CLEANUP_INTERVAL_HOURS: "24"
      EXPORT_DIR: ./exports
      EXPORT_MAX_SIZE: "104857600"
      EXPORT_RETENTION_DAYS: "7"
      HOST: 0.0.0.0
      JWT_EXPIRE: 7d
      JWT_REFRESH_EXPIRE: 30d
      JWT_REFRESH_SECRET: replace-with-32-char-minimum-refresh-secret
      JWT_REFRESH_SECRET_CURRENT: replace-with-32-char-minimum-refresh-secret
      JWT_REFRESH_SECRET_CURRENT_FILE: ""
      JWT_REFRESH_SECRET_FILE: ""
      JWT_REFRESH_SECRET_PREVIOUS: ""
      JWT_SECRET: replace-with-32-char-minimum-secret-value
      JWT_SECRET_CURRENT: replace-with-32-char-minimum-secret-value
      JWT_SECRET_CURRENT_FILE: ""
      JWT_SECRET_FILE: ""
      JWT_SECRET_PREVIOUS: ""
      LOG_LEVEL: info
      LOG_PRETTY: "true"
      LOG_TO_FILE: "false"
      METRICS_ENABLED: "false"
      METRICS_TOKEN: ""
      METRICS_TOKEN_FILE: ""
      MIGRATIONS_DIR: /app/infra/migrations
      NGINX_HTTP_PORT: "8080"
      NODE_ENV: production
      PHOTO_MAX_SIZE: "5242880"
      PORT: "3000"
      POSTGRES_DB: gis_app
      POSTGRES_PASSWORD: change_me
      POSTGRES_USER: gis_user
      RATE_LIMIT_AUTH_MAX_REQUESTS: "40"
      RATE_LIMIT_EXPORT_MAX_REQUESTS: "60"
      RATE_LIMIT_MAX_REQUESTS: "200"
      RATE_LIMIT_WINDOW_MS: "900000"
      TRUST_PROXY: "false"
      UPLOAD_DIR: ./uploads
    networks:
      default: null
    restart: "no"
  nginx:
    depends_on:
      api:
        condition: service_healthy
        required: true
    healthcheck:
      test:
        - CMD-SHELL
        - wget -q -O /dev/null http://127.0.0.1:8080/health || exit 1
      timeout: 5s
      interval: 30s
      retries: 5
      start_period: 15s
    image: nginxinc/nginx-unprivileged:1.27-alpine
    networks:
      default: null
    ports:
      - mode: ingress
        target: 8080
        published: "8080"
        protocol: tcp
    restart: unless-stopped
    volumes:
      - type: bind
        source: D:\GIS_APP\infra\nginx\nginx.conf
        target: /etc/nginx/conf.d/default.conf
        read_only: true
        bind: {}
      - type: bind
        source: D:\GIS_APP\apps\mobile\build\web
        target: /usr/share/nginx/html
        read_only: true
        bind: {}
networks:
  default:
    name: gis_app_default
volumes:
  api_exports:
    name: gis_app_api_exports
  api_uploads:
    name: gis_app_api_uploads
  postgis_data:
    name: gis_app_postgis_data

=== API npm ci ===
npm warn deprecated inflight@1.0.6: This module is not supported, and leaks memory. Do not use it. Check out lru-cache if you want a good and tested way to coalesce async requests by a key value, which is much more comprehensive and powerful.
npm warn deprecated @humanwhocodes/config-array@0.13.0: Use @eslint/config-array instead
npm warn deprecated rimraf@3.0.2: Rimraf versions prior to v4 are no longer supported
npm warn deprecated glob@7.2.3: Old versions of glob are not supported, and contain widely publicized security vulnerabilities, which have been fixed in the current version. Please update. Support for old versions may be purchased (at exorbitant rates) by contacting i@izs.me
npm warn deprecated glob@7.2.3: Old versions of glob are not supported, and contain widely publicized security vulnerabilities, which have been fixed in the current version. Please update. Support for old versions may be purchased (at exorbitant rates) by contacting i@izs.me
npm warn deprecated @humanwhocodes/object-schema@2.0.3: Use @eslint/object-schema instead
npm warn deprecated glob@10.5.0: Old versions of glob are not supported, and contain widely publicized security vulnerabilities, which have been fixed in the current version. Please update. Support for old versions may be purchased (at exorbitant rates) by contacting i@izs.me
npm warn deprecated eslint@8.57.1: This version is no longer supported. Please see https://eslint.org/version-support for other options.

added 625 packages, and audited 626 packages in 7s

104 packages are looking for funding
  run `npm fund` for details

2 vulnerabilities (1 moderate, 1 high)

To address all issues, run:
  npm audit fix

Run `npm audit` for details.

=== API lint ===

> lebanese-gis-backend@1.0.0 lint
> eslint src test


=== API typecheck ===

> lebanese-gis-backend@1.0.0 typecheck
> tsc -p tsconfig.json --noEmit


=== API tests ===

> lebanese-gis-backend@1.0.0 test:ci
> jest --config jest.config.cjs --coverage --runInBand --ci --testPathIgnorePatterns test/phase10.performance

PASS test/phase3.integration.test.js
  ● Console

    console.log
      [dotenv@17.3.1] injecting env (35) from .env -- tip: 🔐 prevent committing .env to code: https://dotenvx.com/precommit

      at _log (node_modules/dotenv/lib/main.js:139:11)

    console.log
      2026-02-25 23:26:08 [[32minfo[39m]: Database connected successfully

      at Console.log (node_modules/winston/lib/winston/transports/console.js:87:23)

    console.log
      2026-02-25 23:26:09 [[32minfo[39m]: User logged in: {"userId":"0ded09fc-ffab-4def-8c1d-bcfee0a41556","email":"phase3-user@example.com"}

      at Console.log (node_modules/winston/lib/winston/transports/console.js:87:23)

    console.log
      2026-02-25 23:26:09 [[32minfo[39m]: HTTP request completed {"requestId":"045b08e9-136a-4393-8682-8fea28a5a48e","method":"POST","path":"/api/v1/auth/login","statusCode":200,"durationMs":333,"ip":"::ffff:127.0.0.1"}

      at Console.log (node_modules/winston/lib/winston/transports/console.js:87:23)

    console.log
      2026-02-25 23:26:09 [[32minfo[39m]: ::ffff:127.0.0.1 - - [25/Feb/2026:21:26:09 +0000] "POST /api/v1/auth/login HTTP/1.1" 200 642 "-" "-"

      at Console.log (node_modules/winston/lib/winston/transports/console.js:87:23)

    console.log
      2026-02-25 23:26:09 [[31merror[39m]: Error: Invalid geometry coordinates for the provided geometry type {"statusCode":400,"stack":"Error: Invalid geometry coordinates for the provided geometry type\n    at validateGeoJsonGeometry (D:\\GIS_APP\\apps\\api\\src\\controllers\\feature.controller.ts:88:11)\n    at validateGeoJsonGeometry (D:\\GIS_APP\\apps\\api\\src\\controllers\\feature.controller.ts:246:30)\n    at fn (D:\\GIS_APP\\apps\\api\\src\\middleware\\error.ts:112:19)\n    at Layer.handle [as handle_request] (D:\\GIS_APP\\apps\\api\\node_modules\\express\\lib\\router\\layer.js:95:5)\n    at next (D:\\GIS_APP\\apps\\api\\node_modules\\express\\lib\\router\\route.js:149:13)\n    at next (D:\\GIS_APP\\apps\\api\\src\\middleware\\validation.ts:14:3)\n    at Layer.handle [as handle_request] (D:\\GIS_APP\\apps\\api\\node_modules\\express\\lib\\router\\layer.js:95:5)\n    at next (D:\\GIS_APP\\apps\\api\\node_modules\\express\\lib\\router\\route.js:149:13)\n    at middleware (D:\\GIS_APP\\apps\\api\\node_modules\\express-validator\\lib\\middlewares\\check.js:16:13)\n    at processTicksAndRejections (node:internal/process/task_queues:103:5)","requestId":"80f0979a-5bee-481e-b946-94945794cb8d","url":"/api/v1/features","method":"POST","ip":"::ffff:127.0.0.1","userId":"0ded09fc-ffab-4def-8c1d-bcfee0a41556"}

      at Console.log (node_modules/winston/lib/winston/transports/console.js:87:23)

    console.log
      2026-02-25 23:26:09 [[32minfo[39m]: HTTP request completed {"requestId":"80f0979a-5bee-481e-b946-94945794cb8d","method":"POST","path":"/api/v1/features","statusCode":400,"durationMs":27,"userId":"0ded09fc-ffab-4def-8c1d-bcfee0a41556","ip":"::ffff:127.0.0.1"}

      at Console.log (node_modules/winston/lib/winston/transports/console.js:87:23)

    console.log
      2026-02-25 23:26:09 [[32minfo[39m]: ::ffff:127.0.0.1 - - [25/Feb/2026:21:26:09 +0000] "POST /api/v1/features HTTP/1.1" 400 140 "-" "-"

      at Console.log (node_modules/winston/lib/winston/transports/console.js:87:23)

    console.log
      2026-02-25 23:26:09 [[32minfo[39m]: User logged in: {"userId":"709ae226-eb0a-4d6b-a91e-e69ede21f38b","email":"phase3-user@example.com"}

      at Console.log (node_modules/winston/lib/winston/transports/console.js:87:23)

    console.log
      2026-02-25 23:26:09 [[32minfo[39m]: HTTP request completed {"requestId":"83e7fa7c-6ad2-43be-b78e-2a327cecb1bd","method":"POST","path":"/api/v1/auth/login","statusCode":200,"durationMs":278,"ip":"::ffff:127.0.0.1"}

      at Console.log (node_modules/winston/lib/winston/transports/console.js:87:23)

    console.log
      2026-02-25 23:26:09 [[32minfo[39m]: ::ffff:127.0.0.1 - - [25/Feb/2026:21:26:09 +0000] "POST /api/v1/auth/login HTTP/1.1" 200 642 "-" "-"

      at Console.log (node_modules/winston/lib/winston/transports/console.js:87:23)

    console.log
      2026-02-25 23:26:10 [[32minfo[39m]: Database connected successfully

      at Console.log (node_modules/winston/lib/winston/transports/console.js:87:23)

    console.log
      2026-02-25 23:26:10 [[32minfo[39m]: HTTP request completed {"requestId":"60cd5444-5c07-4336-8da0-4fbf880dd030","method":"GET","path":"/api/v1/features/bbox?minLon=35&minLat=33&maxLon=36&maxLat=34.5&page=1&limit=2&project_id=2796f158-597a-42c7-89e3-23f6250817a8&status=approved","statusCode":200,"durationMs":65,"userId":"709ae226-eb0a-4d6b-a91e-e69ede21f38b","ip":"::ffff:127.0.0.1"}

      at Console.log (node_modules/winston/lib/winston/transports/console.js:87:23)

    console.log
      2026-02-25 23:26:10 [[32minfo[39m]: ::ffff:127.0.0.1 - - [25/Feb/2026:21:26:10 +0000] "GET /api/v1/features/bbox?minLon=35&minLat=33&maxLon=36&maxLat=34.5&page=1&limit=2&project_id=2796f158-597a-42c7-89e3-23f6250817a8&status=approved HTTP/1.1" 200 727 "-" "-"

      at Console.log (node_modules/winston/lib/winston/transports/console.js:87:23)

    console.log
      2026-02-25 23:26:10 [[32minfo[39m]: User logged in: {"userId":"42377a54-3903-46f2-a56b-fda0cd498e0d","email":"phase3-user@example.com"}

      at Console.log (node_modules/winston/lib/winston/transports/console.js:87:23)

    console.log
      2026-02-25 23:26:10 [[32minfo[39m]: HTTP request completed {"requestId":"3669e2f7-b87c-4ca9-b656-25927016b13d","method":"POST","path":"/api/v1/auth/login","statusCode":200,"durationMs":281,"ip":"::ffff:127.0.0.1"}

      at Console.log (node_modules/winston/lib/winston/transports/console.js:87:23)

    console.log
      2026-02-25 23:26:10 [[32minfo[39m]: ::ffff:127.0.0.1 - - [25/Feb/2026:21:26:10 +0000] "POST /api/v1/auth/login HTTP/1.1" 200 642 "-" "-"

      at Console.log (node_modules/winston/lib/winston/transports/console.js:87:23)

    console.log
      2026-02-25 23:26:10 [[32minfo[39m]: Database pool closed

      at Console.log (node_modules/winston/lib/winston/transports/console.js:87:23)

PASS test/security.auth.test.js
  ● Console

    console.log
      [dotenv@17.3.1] injecting env (35) from .env -- tip: 🔐 encrypt with Dotenvx: https://dotenvx.com

      at _log (node_modules/dotenv/lib/main.js:139:11)

    console.log
      2026-02-25 23:26:11 [[32minfo[39m]: HTTP request completed {"requestId":"071c6ab9-4df3-40c1-b2db-e9745c240838","method":"POST","path":"/api/v1/auth/register","statusCode":400,"durationMs":5,"ip":"::ffff:127.0.0.1"}

      at Console.log (node_modules/winston/lib/winston/transports/console.js:87:23)

    console.log
      2026-02-25 23:26:11 [[32minfo[39m]: ::ffff:127.0.0.1 - - [25/Feb/2026:21:26:11 +0000] "POST /api/v1/auth/register HTTP/1.1" 400 177 "-" "-"

      at Console.log (node_modules/winston/lib/winston/transports/console.js:87:23)

    console.log
      2026-02-25 23:26:11 [[32minfo[39m]: Database connected successfully

      at Console.log (node_modules/winston/lib/winston/transports/console.js:87:23)

    console.log
      2026-02-25 23:26:12 [[32minfo[39m]: User logged in: {"userId":"f37de35f-2648-4ec1-88bb-1f8fd135f567","email":"security-admin-1772054771557-94046@example.com"}

      at Console.log (node_modules/winston/lib/winston/transports/console.js:87:23)

    console.log
      2026-02-25 23:26:12 [[32minfo[39m]: HTTP request completed {"requestId":"c68233af-0a99-4cf9-bb04-f3c3a7eecaa6","method":"POST","path":"/api/v1/auth/login","statusCode":200,"durationMs":289,"ip":"::ffff:127.0.0.1"}

      at Console.log (node_modules/winston/lib/winston/transports/console.js:87:23)

    console.log
      2026-02-25 23:26:12 [[32minfo[39m]: ::ffff:127.0.0.1 - - [25/Feb/2026:21:26:12 +0000] "POST /api/v1/auth/login HTTP/1.1" 200 664 "-" "-"

      at Console.log (node_modules/winston/lib/winston/transports/console.js:87:23)

    console.log
      2026-02-25 23:26:12 [[32minfo[39m]: User registered: {"userId":"04d7f5e6-d7b9-491c-ba05-2d8d4875b4a9","email":"security-contributor-1772054772122-388@example.com"}

      at Console.log (node_modules/winston/lib/winston/transports/console.js:87:23)

    console.log
      2026-02-25 23:26:12 [[32minfo[39m]: HTTP request completed {"requestId":"44d7dc00-fabf-4e25-a82b-c28b708be1df","method":"POST","path":"/api/v1/auth/register","statusCode":201,"durationMs":291,"ip":"::ffff:127.0.0.1"}

      at Console.log (node_modules/winston/lib/winston/transports/console.js:87:23)

    console.log
      2026-02-25 23:26:12 [[32minfo[39m]: ::ffff:127.0.0.1 - - [25/Feb/2026:21:26:12 +0000] "POST /api/v1/auth/register HTTP/1.1" 201 740 "-" "-"

      at Console.log (node_modules/winston/lib/winston/transports/console.js:87:23)

    console.log
      2026-02-25 23:26:12 [[32minfo[39m]: User registered: {"userId":"fba1f714-425a-4d1b-8028-f5a65c9a77d6","email":"security-target-1772054772417-46504@example.com"}

      at Console.log (node_modules/winston/lib/winston/transports/console.js:87:23)

    console.log
      2026-02-25 23:26:12 [[32minfo[39m]: HTTP request completed {"requestId":"91e97bd7-97e1-4170-bcce-7c879df684fe","method":"POST","path":"/api/v1/auth/register","statusCode":201,"durationMs":299,"ip":"::ffff:127.0.0.1"}

      at Console.log (node_modules/winston/lib/winston/transports/console.js:87:23)

    console.log
      2026-02-25 23:26:12 [[32minfo[39m]: ::ffff:127.0.0.1 - - [25/Feb/2026:21:26:12 +0000] "POST /api/v1/auth/register HTTP/1.1" 201 732 "-" "-"

      at Console.log (node_modules/winston/lib/winston/transports/console.js:87:23)

    console.log
      2026-02-25 23:26:13 [[32minfo[39m]: User logged in: {"userId":"04d7f5e6-d7b9-491c-ba05-2d8d4875b4a9","email":"security-contributor-1772054772122-388@example.com"}

      at Console.log (node_modules/winston/lib/winston/transports/console.js:87:23)

    console.log
      2026-02-25 23:26:13 [[32minfo[39m]: HTTP request completed {"requestId":"e4623a70-c3b8-4af2-95e7-41f167858727","method":"POST","path":"/api/v1/auth/login","statusCode":200,"durationMs":286,"ip":"::ffff:127.0.0.1"}

      at Console.log (node_modules/winston/lib/winston/transports/console.js:87:23)

    console.log
      2026-02-25 23:26:13 [[32minfo[39m]: ::ffff:127.0.0.1 - - [25/Feb/2026:21:26:13 +0000] "POST /api/v1/auth/login HTTP/1.1" 200 688 "-" "-"

      at Console.log (node_modules/winston/lib/winston/transports/console.js:87:23)

    console.log
      2026-02-25 23:26:13 [[32minfo[39m]: HTTP request completed {"requestId":"52a6a07f-27d9-4f65-86d6-4b72dc3a5b4e","method":"PUT","path":"/api/v1/users/fba1f714-425a-4d1b-8028-f5a65c9a77d6","statusCode":403,"durationMs":3,"userId":"04d7f5e6-d7b9-491c-ba05-2d8d4875b4a9","ip":"::ffff:127.0.0.1"}

      at Console.log (node_modules/winston/lib/winston/transports/console.js:87:23)

    console.log
      2026-02-25 23:26:13 [[32minfo[39m]: ::ffff:127.0.0.1 - - [25/Feb/2026:21:26:13 +0000] "PUT /api/v1/users/fba1f714-425a-4d1b-8028-f5a65c9a77d6 HTTP/1.1" 403 68 "-" "-"

      at Console.log (node_modules/winston/lib/winston/transports/console.js:87:23)

    console.log
      2026-02-25 23:26:13 [[32minfo[39m]: User updated by admin: {"userId":"fba1f714-425a-4d1b-8028-f5a65c9a77d6","adminId":"f37de35f-2648-4ec1-88bb-1f8fd135f567"}

      at Console.log (node_modules/winston/lib/winston/transports/console.js:87:23)

    console.log
      2026-02-25 23:26:13 [[32minfo[39m]: HTTP request completed {"requestId":"5c199eaf-ac4b-444e-8896-e22c54c21904","method":"PUT","path":"/api/v1/users/fba1f714-425a-4d1b-8028-f5a65c9a77d6","statusCode":200,"durationMs":9,"userId":"f37de35f-2648-4ec1-88bb-1f8fd135f567","ip":"::ffff:127.0.0.1"}

      at Console.log (node_modules/winston/lib/winston/transports/console.js:87:23)

    console.log
      2026-02-25 23:26:13 [[32minfo[39m]: ::ffff:127.0.0.1 - - [25/Feb/2026:21:26:13 +0000] "PUT /api/v1/users/fba1f714-425a-4d1b-8028-f5a65c9a77d6 HTTP/1.1" 200 250 "-" "-"

      at Console.log (node_modules/winston/lib/winston/transports/console.js:87:23)

    console.log
      2026-02-25 23:26:13 [[32minfo[39m]: Database pool closed

      at Console.log (node_modules/winston/lib/winston/transports/console.js:87:23)

PASS test/phase10.e2e.workflow.test.js
  ● Console

    console.log
      [dotenv@17.3.1] injecting env (35) from .env -- tip: 🔐 encrypt with Dotenvx: https://dotenvx.com

      at _log (node_modules/dotenv/lib/main.js:139:11)

    console.log
      2026-02-25 23:26:13 [[32minfo[39m]: Database connected successfully

      at Console.log (node_modules/winston/lib/winston/transports/console.js:87:23)

    console.log
      2026-02-25 23:26:14 [[32minfo[39m]: User logged in: {"userId":"7d77d4d5-c6bc-43b4-9f19-bbbbbf5075df","email":"phase10-admin-1772054773635-87644@example.com"}

      at Console.log (node_modules/winston/lib/winston/transports/console.js:87:23)

    console.log
      2026-02-25 23:26:14 [[32minfo[39m]: HTTP request completed {"requestId":"2403a035-e327-41e7-ada4-6a01a243fe7a","method":"POST","path":"/api/v1/auth/login","statusCode":200,"durationMs":297,"ip":"::ffff:127.0.0.1"}

      at Console.log (node_modules/winston/lib/winston/transports/console.js:87:23)

    console.log
      2026-02-25 23:26:14 [[32minfo[39m]: ::ffff:127.0.0.1 - - [25/Feb/2026:21:26:14 +0000] "POST /api/v1/auth/login HTTP/1.1" 200 662 "-" "-"

      at Console.log (node_modules/winston/lib/winston/transports/console.js:87:23)

    console.log
      2026-02-25 23:26:14 [[32minfo[39m]: User registered: {"userId":"a07bd536-7a66-485d-9eb0-1723504b3d5d","email":"phase10-contributor-1772054774215-22485@example.com"}

      at Console.log (node_modules/winston/lib/winston/transports/console.js:87:23)

    console.log
      2026-02-25 23:26:14 [[32minfo[39m]: HTTP request completed {"requestId":"5332db9a-93ea-4a69-a622-796553efeaa4","method":"POST","path":"/api/v1/auth/register","statusCode":201,"durationMs":288,"ip":"::ffff:127.0.0.1"}

      at Console.log (node_modules/winston/lib/winston/transports/console.js:87:23)

    console.log
      2026-02-25 23:26:14 [[32minfo[39m]: ::ffff:127.0.0.1 - - [25/Feb/2026:21:26:14 +0000] "POST /api/v1/auth/register HTTP/1.1" 201 740 "-" "-"

      at Console.log (node_modules/winston/lib/winston/transports/console.js:87:23)

    console.log
      2026-02-25 23:26:14 [[32minfo[39m]: Category created: {"categoryId":"8727aa15-6751-4f2c-8e21-b5ff5da92e47"}

      at Console.log (node_modules/winston/lib/winston/transports/console.js:87:23)

    console.log
      2026-02-25 23:26:14 [[32minfo[39m]: HTTP request completed {"requestId":"972837d9-a9dd-4ee0-ab1e-5f983c2044b3","method":"POST","path":"/api/v1/categories","statusCode":201,"durationMs":6,"userId":"7d77d4d5-c6bc-43b4-9f19-bbbbbf5075df","ip":"::ffff:127.0.0.1"}

      at Console.log (node_modules/winston/lib/winston/transports/console.js:87:23)

    console.log
      2026-02-25 23:26:14 [[32minfo[39m]: ::ffff:127.0.0.1 - - [25/Feb/2026:21:26:14 +0000] "POST /api/v1/categories HTTP/1.1" 201 236 "-" "-"

      at Console.log (node_modules/winston/lib/winston/transports/console.js:87:23)

    console.log
      2026-02-25 23:26:14 [[32minfo[39m]: Project created: {"projectId":"da46a0e0-6776-4c12-b0db-6996c416e85a","userId":"7d77d4d5-c6bc-43b4-9f19-bbbbbf5075df"}

      at Console.log (node_modules/winston/lib/winston/transports/console.js:87:23)

    console.log
      2026-02-25 23:26:14 [[32minfo[39m]: HTTP request completed {"requestId":"2b02e148-03d4-44bd-8ceb-1f98c1e33440","method":"POST","path":"/api/v1/projects","statusCode":201,"durationMs":13,"userId":"7d77d4d5-c6bc-43b4-9f19-bbbbbf5075df","ip":"::ffff:127.0.0.1"}

      at Console.log (node_modules/winston/lib/winston/transports/console.js:87:23)

    console.log
      2026-02-25 23:26:14 [[32minfo[39m]: ::ffff:127.0.0.1 - - [25/Feb/2026:21:26:14 +0000] "POST /api/v1/projects HTTP/1.1" 201 669 "-" "-"

      at Console.log (node_modules/winston/lib/winston/transports/console.js:87:23)

    console.log
      2026-02-25 23:26:14 [[32minfo[39m]: Assignment created: {"assignmentId":"486023c0-ca75-44ec-bff8-80029ad70688","projectId":"da46a0e0-6776-4c12-b0db-6996c416e85a","userId":"a07bd536-7a66-485d-9eb0-1723504b3d5d"}

      at Console.log (node_modules/winston/lib/winston/transports/console.js:87:23)

    console.log
      2026-02-25 23:26:14 [[32minfo[39m]: HTTP request completed {"requestId":"203d8da4-74d5-43b4-b81a-9c4ad203f9c7","method":"POST","path":"/api/v1/assignments","statusCode":201,"durationMs":13,"userId":"7d77d4d5-c6bc-43b4-9f19-bbbbbf5075df","ip":"::ffff:127.0.0.1"}

      at Console.log (node_modules/winston/lib/winston/transports/console.js:87:23)

    console.log
      2026-02-25 23:26:14 [[32minfo[39m]: ::ffff:127.0.0.1 - - [25/Feb/2026:21:26:14 +0000] "POST /api/v1/assignments HTTP/1.1" 201 385 "-" "-"

      at Console.log (node_modules/winston/lib/winston/transports/console.js:87:23)

    console.log
      2026-02-25 23:26:14 [[32minfo[39m]: Assignment status updated: {"assignmentId":"486023c0-ca75-44ec-bff8-80029ad70688","status":"approved","approvedBy":"7d77d4d5-c6bc-43b4-9f19-bbbbbf5075df"}

      at Console.log (node_modules/winston/lib/winston/transports/console.js:87:23)

    console.log
      2026-02-25 23:26:14 [[32minfo[39m]: HTTP request completed {"requestId":"f6afac64-1d1f-41e9-9214-47e645b56ae3","method":"PUT","path":"/api/v1/assignments/486023c0-ca75-44ec-bff8-80029ad70688","statusCode":200,"durationMs":9,"userId":"7d77d4d5-c6bc-43b4-9f19-bbbbbf5075df","ip":"::ffff:127.0.0.1"}

      at Console.log (node_modules/winston/lib/winston/transports/console.js:87:23)

    console.log
      2026-02-25 23:26:14 [[32minfo[39m]: ::ffff:127.0.0.1 - - [25/Feb/2026:21:26:14 +0000] "PUT /api/v1/assignments/486023c0-ca75-44ec-bff8-80029ad70688 HTTP/1.1" 200 421 "-" "-"

      at Console.log (node_modules/winston/lib/winston/transports/console.js:87:23)

    console.log
      2026-02-25 23:26:14 [[32minfo[39m]: User logged in: {"userId":"a07bd536-7a66-485d-9eb0-1723504b3d5d","email":"phase10-contributor-1772054774215-22485@example.com"}

      at Console.log (node_modules/winston/lib/winston/transports/console.js:87:23)

    console.log
      2026-02-25 23:26:14 [[32minfo[39m]: HTTP request completed {"requestId":"c0996c24-3f73-41c3-b81d-f079d6ac5bc1","method":"POST","path":"/api/v1/auth/login","statusCode":200,"durationMs":287,"ip":"::ffff:127.0.0.1"}

      at Console.log (node_modules/winston/lib/winston/transports/console.js:87:23)

    console.log
      2026-02-25 23:26:14 [[32minfo[39m]: ::ffff:127.0.0.1 - - [25/Feb/2026:21:26:14 +0000] "POST /api/v1/auth/login HTTP/1.1" 200 688 "-" "-"

      at Console.log (node_modules/winston/lib/winston/transports/console.js:87:23)

    console.log
      2026-02-25 23:26:14 [[32minfo[39m]: Feature created: {"featureId":"6a39c39a-080a-4d31-b809-3731aa495a7f","projectId":"da46a0e0-6776-4c12-b0db-6996c416e85a","userId":"a07bd536-7a66-485d-9eb0-1723504b3d5d"}

      at Console.log (node_modules/winston/lib/winston/transports/console.js:87:23)

    console.log
      2026-02-25 23:26:14 [[32minfo[39m]: HTTP request completed {"requestId":"e03bff3f-b7d2-419a-9046-9b08896f8b33","method":"POST","path":"/api/v1/features","statusCode":201,"durationMs":29,"userId":"a07bd536-7a66-485d-9eb0-1723504b3d5d","ip":"::ffff:127.0.0.1"}

      at Console.log (node_modules/winston/lib/winston/transports/console.js:87:23)

    console.log
      2026-02-25 23:26:14 [[32minfo[39m]: ::ffff:127.0.0.1 - - [25/Feb/2026:21:26:14 +0000] "POST /api/v1/features HTTP/1.1" 201 229 "-" "-"

      at Console.log (node_modules/winston/lib/winston/transports/console.js:87:23)

    console.log
      2026-02-25 23:26:14 [[32minfo[39m]: Feature submitted for review: {"featureId":"6a39c39a-080a-4d31-b809-3731aa495a7f","userId":"a07bd536-7a66-485d-9eb0-1723504b3d5d"}

      at Console.log (node_modules/winston/lib/winston/transports/console.js:87:23)

    console.log
      2026-02-25 23:26:14 [[32minfo[39m]: HTTP request completed {"requestId":"5912986f-5735-4b54-bdc2-c6abd670a719","method":"POST","path":"/api/v1/features/6a39c39a-080a-4d31-b809-3731aa495a7f/submit","statusCode":200,"durationMs":10,"userId":"a07bd536-7a66-485d-9eb0-1723504b3d5d","ip":"::ffff:127.0.0.1"}

      at Console.log (node_modules/winston/lib/winston/transports/console.js:87:23)

    console.log
      2026-02-25 23:26:14 [[32minfo[39m]: ::ffff:127.0.0.1 - - [25/Feb/2026:21:26:14 +0000] "POST /api/v1/features/6a39c39a-080a-4d31-b809-3731aa495a7f/submit HTTP/1.1" 200 57 "-" "-"

      at Console.log (node_modules/winston/lib/winston/transports/console.js:87:23)

    console.log
      2026-02-25 23:26:14 [[32minfo[39m]: Feature reviewed: {"featureId":"6a39c39a-080a-4d31-b809-3731aa495a7f","status":"approved","reviewerId":"7d77d4d5-c6bc-43b4-9f19-bbbbbf5075df"}

      at Console.log (node_modules/winston/lib/winston/transports/console.js:87:23)

    console.log
      2026-02-25 23:26:14 [[32minfo[39m]: HTTP request completed {"requestId":"49ea3843-0868-49d6-9ba3-e93233bc8171","method":"POST","path":"/api/v1/features/6a39c39a-080a-4d31-b809-3731aa495a7f/review","statusCode":200,"durationMs":10,"userId":"7d77d4d5-c6bc-43b4-9f19-bbbbbf5075df","ip":"::ffff:127.0.0.1"}

      at Console.log (node_modules/winston/lib/winston/transports/console.js:87:23)

    console.log
      2026-02-25 23:26:14 [[32minfo[39m]: ::ffff:127.0.0.1 - - [25/Feb/2026:21:26:14 +0000] "POST /api/v1/features/6a39c39a-080a-4d31-b809-3731aa495a7f/review HTTP/1.1" 200 58 "-" "-"

      at Console.log (node_modules/winston/lib/winston/transports/console.js:87:23)

    console.log
      2026-02-25 23:26:14 [[32minfo[39m]: Export requested: {"exportId":"42c3a904-da53-4cc9-a3df-0671daf8fd43","projectId":"da46a0e0-6776-4c12-b0db-6996c416e85a","userId":"a07bd536-7a66-485d-9eb0-1723504b3d5d","format":"geojson"}

      at Console.log (node_modules/winston/lib/winston/transports/console.js:87:23)

    console.log
      2026-02-25 23:26:14 [[32minfo[39m]: HTTP request completed {"requestId":"ba1edf91-53dd-4a28-abd3-450ae7e03f61","method":"POST","path":"/api/v1/exports/project/da46a0e0-6776-4c12-b0db-6996c416e85a","statusCode":202,"durationMs":17,"userId":"a07bd536-7a66-485d-9eb0-1723504b3d5d","ip":"::ffff:127.0.0.1"}

      at Console.log (node_modules/winston/lib/winston/transports/console.js:87:23)

    console.log
      2026-02-25 23:26:14 [[32minfo[39m]: ::ffff:127.0.0.1 - - [25/Feb/2026:21:26:14 +0000] "POST /api/v1/exports/project/da46a0e0-6776-4c12-b0db-6996c416e85a HTTP/1.1" 202 235 "-" "-"

      at Console.log (node_modules/winston/lib/winston/transports/console.js:87:23)

    console.log
      2026-02-25 23:26:14 [[32minfo[39m]: Starting export processing: {"exportId":"42c3a904-da53-4cc9-a3df-0671daf8fd43"}

      at Console.log (node_modules/winston/lib/winston/transports/console.js:87:23)

    console.log
      2026-02-25 23:26:14 [[32minfo[39m]: Querying features: {"exportId":"42c3a904-da53-4cc9-a3df-0671daf8fd43","format":"geojson"}

      at Console.log (node_modules/winston/lib/winston/transports/console.js:87:23)

    console.log
      2026-02-25 23:26:14 [[32minfo[39m]: Features found: {"exportId":"42c3a904-da53-4cc9-a3df-0671daf8fd43","count":1,"format":"geojson"}

      at Console.log (node_modules/winston/lib/winston/transports/console.js:87:23)

    console.log
      2026-02-25 23:26:14 [[32minfo[39m]: Created export directory: {"exportId":"42c3a904-da53-4cc9-a3df-0671daf8fd43","path":"exports\\42c3a904-da53-4cc9-a3df-0671daf8fd43"}

      at Console.log (node_modules/winston/lib/winston/transports/console.js:87:23)

    console.log
      2026-02-25 23:26:14 [[32minfo[39m]: Features grouped by type: {"exportId":"42c3a904-da53-4cc9-a3df-0671daf8fd43","types":["Point"],"format":"geojson"}

      at Console.log (node_modules/winston/lib/winston/transports/console.js:87:23)

    console.log
      2026-02-25 23:26:14 [[32minfo[39m]: Created GeoJSON: {"exportId":"42c3a904-da53-4cc9-a3df-0671daf8fd43","file":"Bekaa_Field_Census_1772054774517_2026-02-25T21-26-14-948Z_Point.geojson"}

      at Console.log (node_modules/winston/lib/winston/transports/console.js:87:23)

    console.log
      2026-02-25 23:26:14 [[32minfo[39m]: Created metadata: {"exportId":"42c3a904-da53-4cc9-a3df-0671daf8fd43"}

      at Console.log (node_modules/winston/lib/winston/transports/console.js:87:23)

    console.log
      2026-02-25 23:26:14 [[32minfo[39m]: Created README: {"exportId":"42c3a904-da53-4cc9-a3df-0671daf8fd43"}

      at Console.log (node_modules/winston/lib/winston/transports/console.js:87:23)

    console.log
      2026-02-25 23:26:14 [[32minfo[39m]: ZIP created: {"size":2550}

      at Console.log (node_modules/winston/lib/winston/transports/console.js:87:23)

    console.log
      2026-02-25 23:26:14 [[32minfo[39m]: Created ZIP: {"exportId":"42c3a904-da53-4cc9-a3df-0671daf8fd43","zipPath":"exports\\Bekaa_Field_Census_1772054774517_2026-02-25T21-26-14-948Z.zip"}

      at Console.log (node_modules/winston/lib/winston/transports/console.js:87:23)

    console.log
      2026-02-25 23:26:14 [[32minfo[39m]: Database connected successfully

      at Console.log (node_modules/winston/lib/winston/transports/console.js:87:23)

    console.log
      2026-02-25 23:26:14 [[32minfo[39m]: Database connected successfully

      at Console.log (node_modules/winston/lib/winston/transports/console.js:87:23)

    console.log
      2026-02-25 23:26:14 [[32minfo[39m]: Export completed: {"exportId":"42c3a904-da53-4cc9-a3df-0671daf8fd43","featureCount":1,"fileSize":2550,"format":"geojson"}

      at Console.log (node_modules/winston/lib/winston/transports/console.js:87:23)

    console.log
      2026-02-25 23:26:14 [[32minfo[39m]: HTTP request completed {"requestId":"8a2ca692-cf6f-40f2-b768-61fc85dfad49","method":"GET","path":"/api/v1/exports/42c3a904-da53-4cc9-a3df-0671daf8fd43","statusCode":200,"durationMs":43,"userId":"a07bd536-7a66-485d-9eb0-1723504b3d5d","ip":"::ffff:127.0.0.1"}

      at Console.log (node_modules/winston/lib/winston/transports/console.js:87:23)

    console.log
      2026-02-25 23:26:14 [[32minfo[39m]: ::ffff:127.0.0.1 - - [25/Feb/2026:21:26:14 +0000] "GET /api/v1/exports/42c3a904-da53-4cc9-a3df-0671daf8fd43 HTTP/1.1" 200 612 "-" "-"

      at Console.log (node_modules/winston/lib/winston/transports/console.js:87:23)

    console.log
      2026-02-25 23:26:14 [[32minfo[39m]: Downloading export: {"exportId":"42c3a904-da53-4cc9-a3df-0671daf8fd43","path":"exports\\Bekaa_Field_Census_1772054774517_2026-02-25T21-26-14-948Z.zip","format":"geojson"}

      at Console.log (node_modules/winston/lib/winston/transports/console.js:87:23)

    console.log
      2026-02-25 23:26:14 [[32minfo[39m]: HTTP request completed {"requestId":"5df86099-1acc-4d0b-b2e9-7ab032aadf53","method":"GET","path":"/api/v1/exports/42c3a904-da53-4cc9-a3df-0671daf8fd43/download","statusCode":200,"durationMs":8,"userId":"a07bd536-7a66-485d-9eb0-1723504b3d5d","ip":"::ffff:127.0.0.1"}

      at Console.log (node_modules/winston/lib/winston/transports/console.js:87:23)

    console.log
      2026-02-25 23:26:14 [[32minfo[39m]: ::ffff:127.0.0.1 - - [25/Feb/2026:21:26:14 +0000] "GET /api/v1/exports/42c3a904-da53-4cc9-a3df-0671daf8fd43/download HTTP/1.1" 200 2550 "-" "-"

      at Console.log (node_modules/winston/lib/winston/transports/console.js:87:23)

    console.log
      2026-02-25 23:26:15 [[32minfo[39m]: Database pool closed

      at Console.log (node_modules/winston/lib/winston/transports/console.js:87:23)

PASS test/app.test.js
  ● Console

    console.log
      [dotenv@17.3.1] injecting env (35) from .env -- tip: 🛡️ auth for agents: https://vestauth.com

      at _log (node_modules/dotenv/lib/main.js:139:11)

    console.log
      2026-02-25 23:26:15 [[32minfo[39m]: HTTP request completed {"requestId":"e706e7a3-1307-43dd-bd0e-704fdd8ec839","method":"GET","path":"/health","statusCode":200,"durationMs":2,"ip":"::ffff:127.0.0.1"}

      at Console.log (node_modules/winston/lib/winston/transports/console.js:87:23)

    console.log
      2026-02-25 23:26:15 [[32minfo[39m]: ::ffff:127.0.0.1 - - [25/Feb/2026:21:26:15 +0000] "GET /health HTTP/1.1" 200 173 "-" "-"

      at Console.log (node_modules/winston/lib/winston/transports/console.js:87:23)

    console.log
      2026-02-25 23:26:15 [[32minfo[39m]: HTTP request completed {"requestId":"a24ba5b4-9030-45c0-80aa-da9b116aca20","method":"GET","path":"/api/v1","statusCode":200,"durationMs":1,"ip":"::ffff:127.0.0.1"}

      at Console.log (node_modules/winston/lib/winston/transports/console.js:87:23)

    console.log
      2026-02-25 23:26:15 [[32minfo[39m]: ::ffff:127.0.0.1 - - [25/Feb/2026:21:26:15 +0000] "GET /api/v1 HTTP/1.1" 200 516 "-" "-"

      at Console.log (node_modules/winston/lib/winston/transports/console.js:87:23)

    console.log
      2026-02-25 23:26:15 [[32minfo[39m]: HTTP request completed {"requestId":"59767113-3f47-4c3a-a767-d6cc5e67b798","method":"GET","path":"/docs/openapi.yaml","statusCode":200,"durationMs":6,"ip":"::ffff:127.0.0.1"}

      at Console.log (node_modules/winston/lib/winston/transports/console.js:87:23)

    console.log
      2026-02-25 23:26:15 [[32minfo[39m]: HTTP request completed {"requestId":"cd8c63f4-1b7c-4d76-8de8-4f7f0129c43a","method":"POST","path":"/api/v1/auth/login","statusCode":400,"durationMs":7,"ip":"::ffff:127.0.0.1"}

      at Console.log (node_modules/winston/lib/winston/transports/console.js:87:23)

    console.log
      2026-02-25 23:26:15 [[32minfo[39m]: ::ffff:127.0.0.1 - - [25/Feb/2026:21:26:15 +0000] "POST /api/v1/auth/login HTTP/1.1" 400 315 "-" "-"

      at Console.log (node_modules/winston/lib/winston/transports/console.js:87:23)

    console.log
      2026-02-25 23:26:15 [[32minfo[39m]: HTTP request completed {"requestId":"5b7aa125-5ecf-47ab-ae72-3c7c9343e72f","method":"POST","path":"/api/v1/auth/refresh-token","statusCode":400,"durationMs":1,"ip":"::ffff:127.0.0.1"}

      at Console.log (node_modules/winston/lib/winston/transports/console.js:87:23)

    console.log
      2026-02-25 23:26:15 [[32minfo[39m]: ::ffff:127.0.0.1 - - [25/Feb/2026:21:26:15 +0000] "POST /api/v1/auth/refresh-token HTTP/1.1" 400 176 "-" "-"

      at Console.log (node_modules/winston/lib/winston/transports/console.js:87:23)

    console.log
      2026-02-25 23:26:15 [[32minfo[39m]: Database pool closed

      at Console.log (node_modules/winston/lib/winston/transports/console.js:87:23)

PASS test/security.metrics.test.js
---------------------------|---------|----------|---------|---------|--------------------------------------------------------------------------------------------------------------------------------
File                       | % Stmts | % Branch | % Funcs | % Lines | Uncovered Line #s                                                                                                              
---------------------------|---------|----------|---------|---------|--------------------------------------------------------------------------------------------------------------------------------
All files                  |   40.15 |     27.8 |   36.84 |   40.44 |                                                                                                                                
 src                       |   47.23 |    28.07 |   31.81 |   48.73 |                                                                                                                                
  app.ts                   |   81.91 |    41.02 |     100 |   81.91 | 47,51,60-70,82-90,121,178                                                                                                      
  server.ts                |       0 |        0 |       0 |       0 | 1-105                                                                                                                          
 src/config                |   54.02 |    58.06 |   41.66 |   55.69 |                                                                                                                                
  database.ts              |      50 |       80 |      50 |      50 | 21,36-38,44-54,60-66,75                                                                                                        
  env.ts                   |   64.28 |       50 |      50 |   69.23 | 93-94,98,101                                                                                                                   
  upload.ts                |   55.17 |       30 |      25 |   57.69 | 14,21-25,36-44                                                                                                                 
 src/controllers           |    35.7 |    23.56 |   35.22 |   35.92 |                                                                                                                                
  assignment.controller.ts |      40 |       20 |   33.33 |      40 | 7-29,37-58,75,109-150,163,173,212-239                                                                                          
  auth.controller.ts       |   45.23 |    20.83 |      25 |   45.23 | 17,70,77,84,117-123,131-144,153-182,190-192,200-248                                                                            
  export.controller.ts     |   54.95 |    39.21 |   57.14 |    55.2 | 17-20,40,50,79,122,157-159,163-165,170-173,183,215-236,335-358,373-431,681-682,688-718,741,762,768,775,782-783,792,799-833     
  feature.controller.ts    |   44.31 |    32.27 |      50 |   44.96 | 38,53,58,63,72,77,84,92-95,104,122-132,136-196,207-237,255,299-350,361-388,404,408,448,459,463,468,506-579,599,603,609,704-778 
  misc.controller.ts       |   21.32 |    13.04 |   13.33 |   21.32 | 12-35,63-120,134-227,243-298,314-316,319-321,329-331,335,345,359-391                                                           
  photo.controller.ts      |   13.72 |        0 |       0 |   13.86 | 10-17,22-152,161-193,201-227,232-267,275-303                                                                                   
  project.controller.ts    |   11.34 |        0 |    12.5 |   11.42 | 7-83,97-116,182-272,281-295,303-313,321-358                                                                                    
 src/db                    |       0 |        0 |       0 |       0 |                                                                                                                                
  migrate.ts               |       0 |      100 |       0 |       0 | 4-19                                                                                                                           
  migrationRunner.ts       |       0 |        0 |       0 |       0 | 6-97                                                                                                                           
  seed.ts                  |       0 |        0 |       0 |       0 | 7-87                                                                                                                           
  seedStaging.ts           |       0 |        0 |       0 |       0 | 5-655                                                                                                                          
  stagingVerify.ts         |       0 |        0 |       0 |       0 | 4-174                                                                                                                          
 src/middleware            |   69.45 |    49.03 |   79.48 |    68.3 |                                                                                                                                
  audit.ts                 |   94.11 |    71.42 |     100 |      94 | 58,62,87                                                                                                                       
  auth.ts                  |   63.95 |    39.62 |      90 |   61.72 | 26-29,58,66,86,96,106-119,130,153,161,172,182-183,192-224                                                                      
  error.ts                 |   45.09 |    30.43 |      80 |   41.66 | 19-20,49-69,75-76,80-81,86-92                                                                                                  
  observability.ts         |   55.31 |    45.83 |    37.5 |   55.31 | 38-53,77-95,103-122,138,140                                                                                                    
  requestContext.ts        |     100 |       50 |     100 |     100 | 7-16                                                                                                                           
  validation.ts            |   96.29 |    57.14 |      80 |   96.15 | 73                                                                                                                             
 src/routes                |   85.43 |       24 |      50 |   85.43 |                                                                                                                                
  auth.routes.ts           |   79.16 |       20 |    37.5 |   79.16 | 52,64-65,77-78                                                                                                                 
  export.routes.ts         |    87.5 |       25 |   33.33 |    87.5 | 45-46                                                                                                                          
  feature.routes.ts        |   83.87 |    28.57 |      75 |   83.87 | 63,77,108-111                                                                                                                  
  index.ts                 |   88.33 |       25 |   55.55 |   88.33 | 50,68-71,88,262-263                                                                                                            
  project.routes.ts        |      85 |    16.66 |      25 |      85 | 61,77-78                                                                                                                       
 src/utils                 |      80 |    66.66 |     100 |      80 |                                                                                                                                
  logger.ts                |      80 |    66.66 |     100 |      80 | 35-40                                                                                                                          
---------------------------|---------|----------|---------|---------|--------------------------------------------------------------------------------------------------------------------------------

Test Suites: 5 passed, 5 total
Tests:       14 passed, 14 total
Snapshots:   0 total
Time:        8.802 s
Ran all test suites.

=== API build ===

> lebanese-gis-backend@1.0.0 build
> tsc -p tsconfig.json


=== API production audit ===

> lebanese-gis-backend@1.0.0 audit:prod
> npm audit --omit=dev

found 0 vulnerabilities

=== Mobile pub get ===
Resolving dependencies...
Downloading packages...
  flutter_riverpod 2.6.1 (3.2.1 available)
  flutter_secure_storage 9.2.4 (10.0.0 available)
  flutter_secure_storage_linux 1.2.3 (3.0.0 available)
  flutter_secure_storage_macos 3.1.3 (4.0.0 available)
  flutter_secure_storage_platform_interface 1.1.2 (2.0.1 available)
  flutter_secure_storage_web 1.2.1 (2.1.0 available)
  flutter_secure_storage_windows 3.1.2 (4.1.0 available)
  js 0.6.7 (0.7.2 available)
  meta 1.17.0 (1.18.1 available)
  riverpod 2.6.1 (3.2.1 available)
  uuid 4.5.2 (4.5.3 available)
  win32 5.15.0 (6.0.0 available)
Got dependencies!
12 packages have newer versions incompatible with dependency constraints.
Try `flutter pub outdated` for more information.

=== Mobile analyze ===
Analyzing mobile...                                             
No issues found! (ran in 3.3s)

=== Mobile tests ===
00:00 +0: loading D:/GIS_APP/apps/mobile/test/core/sync/sync_engine_integration_test.dart
00:00 +0: D:/GIS_APP/apps/mobile/test/core/sync/sync_engine_integration_test.dart: Phase 5 sync queue transitions pending -> processing -> success
00:00 +1: D:/GIS_APP/apps/mobile/test/core/sync/sync_engine_integration_test.dart: Phase 5 sync queue transitions pending -> processing -> success
00:00 +2: D:/GIS_APP/apps/mobile/test/core/sync/sync_engine_integration_test.dart: Phase 5 sync queue transitions pending -> processing -> success
00:00 +3: D:/GIS_APP/apps/mobile/test/core/sync/sync_engine_performance_test.dart: sync engine processes small pending batch within baseline window
00:00 +4: D:/GIS_APP/apps/mobile/test/core/sync/sync_engine_performance_test.dart: sync engine processes small pending batch within baseline window
00:00 +5: D:/GIS_APP/apps/mobile/test/core/sync/sync_engine_performance_test.dart: sync engine processes small pending batch within baseline window
00:00 +6: D:/GIS_APP/apps/mobile/test/core/sync/sync_engine_performance_test.dart: sync engine processes small pending batch within baseline window
00:00 +7: D:/GIS_APP/apps/mobile/test/core/sync/sync_engine_performance_test.dart: sync engine processes small pending batch within baseline window
00:00 +8: D:/GIS_APP/apps/mobile/test/core/sync/sync_engine_performance_test.dart: sync engine processes small pending batch within baseline window
00:00 +9: D:/GIS_APP/apps/mobile/test/core/sync/sync_engine_performance_test.dart: sync engine processes small pending batch within baseline window
00:01 +10: D:/GIS_APP/apps/mobile/test/core/sync/sync_engine_performance_test.dart: sync engine processes small pending batch within baseline window
00:01 +11: D:/GIS_APP/apps/mobile/test/core/sync/sync_engine_performance_test.dart: sync engine processes small pending batch within baseline window
00:01 +12: D:/GIS_APP/apps/mobile/test/core/sync/sync_engine_performance_test.dart: sync engine processes small pending batch within baseline window
00:01 +13: D:/GIS_APP/apps/mobile/test/core/sync/sync_engine_performance_test.dart: sync engine processes small pending batch within baseline window
00:01 +14: D:/GIS_APP/apps/mobile/test/core/sync/sync_engine_performance_test.dart: sync engine processes small pending batch within baseline window
00:01 +15: D:/GIS_APP/apps/mobile/test/core/sync/sync_engine_performance_test.dart: sync engine processes small pending batch within baseline window
00:01 +16: D:/GIS_APP/apps/mobile/test/core/sync/sync_engine_performance_test.dart: sync engine processes small pending batch within baseline window
00:02 +17: D:/GIS_APP/apps/mobile/test/core/sync/sync_engine_performance_test.dart: sync engine processes small pending batch within baseline window
00:02 +18: D:/GIS_APP/apps/mobile/test/features/exports/presentation/controllers/exports_controller_test.dart: queue transitions pending -> processing -> failed
00:02 +19: D:/GIS_APP/apps/mobile/test/features/exports/presentation/controllers/exports_controller_test.dart: queue transitions pending -> processing -> failed
00:02 +20: D:/GIS_APP/apps/mobile/test/features/exports/presentation/controllers/exports_controller_test.dart: queue transitions pending -> processing -> failed
00:02 +21: D:/GIS_APP/apps/mobile/test/features/exports/presentation/controllers/exports_controller_test.dart: queue transitions pending -> processing -> failed
00:02 +22: D:/GIS_APP/apps/mobile/test/features/exports/presentation/controllers/exports_controller_test.dart: queue transitions pending -> processing -> failed
00:02 +23: D:/GIS_APP/apps/mobile/test/features/exports/presentation/controllers/exports_controller_test.dart: queue transitions pending -> processing -> failed
00:03 +24: D:/GIS_APP/apps/mobile/test/features/exports/presentation/controllers/exports_controller_test.dart: completed export can be marked downloaded
00:04 +25: D:/GIS_APP/apps/mobile/test/features/exports/presentation/controllers/exports_controller_test.dart: completed export can be marked downloaded
00:05 +26: All tests passed!

=== Mobile build web ===
Compiling lib\main.dart for the Web...                          
Wasm dry run findings:
Found incompatibilities with WebAssembly.

package:flutter_secure_storage_web/flutter_secure_storage_web.dart 5:1 - dart:html unsupported (0)
package:flutter_secure_storage_web/flutter_secure_storage_web.dart 6:1 - dart:js_util unsupported (15)
package:flutter_secure_storage_web/src/subtle.dart 21:1 - dart:html unsupported (0)
package:flutter_secure_storage_web/src/subtle.dart 22:1 - dart:js_util unsupported (15)
package:flutter_secure_storage_web/src/subtle.dart 26:1 - package:js/js.dart unsupported (14)

Consider addressing these issues to enable wasm builds. See docs for more info: https://docs.flutter.dev/platform-integration/web/wasm

Use --no-wasm-dry-run to disable these warnings.
Compiling lib\main.dart for the Web...                             35.5s
√ Built build\web

=== Mobile build apk ===
Running Gradle task 'assembleRelease'...                            3.5s
√ Built build\app\outputs\flutter-apk\app-release.apk (52.3MB)

All release verification checks completed successfully.
